#
# There is insufficient memory for the Java Runtime Environment to continue.
# Native memory allocation (mmap) failed to map 264241152 bytes. Error detail: G1 virtual space
# Possible reasons:
#   The system is out of physical RAM or swap space
#   This process is running with CompressedOops enabled, and the Java Heap may be blocking the growth of the native heap
# Possible solutions:
#   Reduce memory load on the system
#   Increase physical memory or swap space
#   Check if swap backing store is full
#   Decrease Java heap size (-Xmx/-Xms)
#   Decrease number of Java threads
#   Decrease Java thread stack sizes (-Xss)
#   Set larger code cache with -XX:ReservedCodeCacheSize=
#   JVM is running with Zero Based Compressed Oops mode in which the Java heap is
#     placed in the first 32GB address space. The Java Heap base address is the
#     maximum limit for the native heap growth. Please use -XX:HeapBaseMinAddress
#     to set the Java Heap base and to place the Java Heap above 32GB virtual address.
# This output file may be truncated or incomplete.
#
#  Out of Memory Error (os_windows.cpp:3766), pid=8172, tid=24052
#
# JRE version:  (25.0.2+1) (build )
# Java VM: OpenJDK 64-Bit Server VM (25.0.2+1-b329.72, mixed mode, sharing, tiered, compressed oops, compressed class ptrs, g1 gc, windows-amd64)
# No core dump will be written. Minidumps are not enabled by default on client versions of Windows
#

---------------  S U M M A R Y ------------

Command Line: externalApp.nativessh.NativeSshAskPassApp The authenticity of host 'github.com (20.205.243.166)' can't be established.
ED25519 key fingerprint is SHA256:+DiY3wvvV6TuJJhbpZisF/zLDA0zPMSvHdkr4UvCOqU.
This key is not known by any other names.
Are you sure you want to continue connecting (yes/no/[fingerprint])? 

Host: 11th Gen Intel(R) Core(TM) i5-11260H @ 2.60GHz, 12 cores, 15G,  Windows 11 , 64 bit Build 26100 (10.0.26100.8875)
Time: Wed Jul 29 20:06:34 2026 elapsed time: 1.432238 seconds (0d 0h 0m 1s)

---------------  T H R E A D  ---------------

Current thread (0x0000016412934de0):  JavaThread "Unknown thread" [_thread_in_vm, id=24052, stack(0x00000018a4200000,0x00000018a4300000) (1024K)]

Stack: [0x00000018a4200000,0x00000018a4300000]
Native frames: (J=compiled Java code, j=interpreted, Vv=VM code, C=native code)
V  [jvm.dll+0x7c0b19]  (no source info available)
V  [jvm.dll+0x78a2ed]  (no source info available)
V  [jvm.dll+0xa0e563]  (no source info available)
V  [jvm.dll+0xa10d5c]  (no source info available)
V  [jvm.dll+0xa11453]  (no source info available)
V  [jvm.dll+0x307b86]  (no source info available)
V  [jvm.dll+0x7bcd25]  (no source info available)
V  [jvm.dll+0x7afce7]  (no source info available)
V  [jvm.dll+0x4015ce]  (no source info available)
V  [jvm.dll+0x4093eb]  (no source info available)
V  [jvm.dll+0x3f5c29]  (no source info available)
V  [jvm.dll+0x3f5edb]  (no source info available)
V  [jvm.dll+0x3cc093]  (no source info available)
V  [jvm.dll+0x3cccfe]  (no source info available)
V  [jvm.dll+0x9d48d7]  (no source info available)
V  [jvm.dll+0x466ce2]  (no source info available)
V  [jvm.dll+0x9b8019]  (no source info available)
V  [jvm.dll+0x508951]  (no source info available)
V  [jvm.dll+0x50a2c1]  (no source info available)
C  [jli.dll+0x541a]  (no source info available)
C  [ucrtbase.dll+0x2cd30]  (no source info available)
C  [KERNEL32.DLL+0x2e957]  (no source info available)
C  [ntdll.dll+0xaad6c]  (no source info available)

Lock stack of current Java thread (top to bottom):


---------------  P R O C E S S  ---------------

Threads class SMR info:
_java_thread_list=0x00007ffa2fa39108, length=0, elements={
}

Java Threads: ( => current thread )
Total: 0

Other Threads:
  0x0000016414d277f0 WorkerThread "GC Thread#0"                     [id=33216, stack(0x00000018a4300000,0x00000018a4400000) (1024K)]
  0x0000016414d3cae0 ConcurrentGCThread "G1 Main Marker"            [id=6264, stack(0x00000018a4400000,0x00000018a4500000) (1024K)]
  0x000001642d5132d0 WorkerThread "G1 Conc#0"                       [id=33252, stack(0x00000018a4500000,0x00000018a4600000) (1024K)]

[error occurred during error reporting (printing all threads), id 0xc0000005, EXCEPTION_ACCESS_VIOLATION (0xc0000005) at pc=0x00007ffa2f050cea]
VM state: not at safepoint (not fully initialized)

VM Mutex/Monitor currently owned by a thread:  ([mutex/lock_event])
[0x00007ffa2fac1d20] Heap_lock - owner thread: 0x0000016412934de0

Heap address: 0x0000000704400000, size: 4028 MB, Compressed Oops mode: Zero based, Oop shift amount: 3

CDS archive(s) mapped at: [0x0000000000000000-0x0000000000000000-0x0000000000000000), size 0, SharedBaseAddress: 0x0000000800000000, ArchiveRelocationMode: 1.
UseCompressedClassPointers 1, UseCompactObjectHeaders 0
Narrow klass pointer bits 32, Max shift 3
Narrow klass base: 0xffffffffffffffff, Narrow klass shift: -1
Encoding Range: [0xffffffffffffffff - 0x000000007fffffff), (2147483648 bytes)
Klass Range:    [0x0000000000000000 - 0x0000000000000000), (0 bytes)
Klass ID Range:  [4294967295 - 0) (1)
No protection zone.

GC Precious Log:
 CardTable entry size: 512
 Card Set container configuration: InlinePtr #cards 4 size 8 Array Of Cards #cards 16 size 48 Howl #buckets 8 coarsen threshold 3686 Howl Bitmap #cards 512 size 80 coarsen threshold 460 Card regions per heap region 1 cards per card region 4096

Heap:
 garbage-first heap   total reserved 4124672K, committed 0K, used 0K [0x0000000704400000, 0x0000000800000000)
  region size 2048K, 0 young (0K), 0 survivors (0K)

Heap Regions: E=young(eden), S=young(survivor), O=old, HS=humongous(starts), HC=humongous(continues), CS=collection set, F=free, TAMS=top-at-mark-start, PB=parsable bottom

Card table byte_map: [0x0000016428e00000,0x00000164295e0000] _byte_map_base: 0x00000164255de000

Marking Bits: (CMBitMap*) 0x0000016414d27f80
 Bits: [0x00000164295e0000, 0x000001642d4d0000)

GC Heap Usage History (0 events):
No events

Metaspace Usage History (0 events):
No events

Dll operation events (1 events):
Event: 0.009 Loaded shared library D:\Software\Rider\JetBrains Rider 2025.3.1\jbr\bin\java.dll

Deoptimization events (0 events):
No events

Classes loaded (0 events):
No events

Classes unloaded (0 events):
No events

Classes redefined (0 events):
No events

Internal exceptions (0 events):
No events

VM Operations (0 events):
No events

Memory protections (0 events):
No events

Nmethod flushes (0 events):
No events

Events (0 events):
No events


Dynamic libraries:
0x00007ff774400000 - 0x00007ff77440a000 	D:\Software\Rider\JetBrains Rider 2025.3.1\jbr\bin\java.exe
0x00007ffb15880000 - 0x00007ffb15ae6000 	C:\WINDOWS\SYSTEM32\ntdll.dll
0x00007ffb13d10000 - 0x00007ffb13dd9000 	C:\WINDOWS\System32\KERNEL32.DLL
0x00007ffb131a0000 - 0x00007ffb1359e000 	C:\WINDOWS\System32\KERNELBASE.dll
0x00007ffb12d00000 - 0x00007ffb12e4c000 	C:\WINDOWS\System32\ucrtbase.dll
0x00007ffb02450000 - 0x00007ffb0246e000 	D:\Software\Rider\JetBrains Rider 2025.3.1\jbr\bin\VCRUNTIME140.dll
0x00007ffb02470000 - 0x00007ffb02487000 	D:\Software\Rider\JetBrains Rider 2025.3.1\jbr\bin\jli.dll
0x00007ffb14210000 - 0x00007ffb143d7000 	C:\WINDOWS\System32\USER32.dll
0x00007ffb11c00000 - 0x00007ffb11e92000 	C:\WINDOWS\WinSxS\amd64_microsoft.windows.common-controls_6595b64144ccf1df_6.0.26100.8875_none_3e0d5d42e32fe9dd\COMCTL32.dll
0x00007ffb12b50000 - 0x00007ffb12b77000 	C:\WINDOWS\System32\win32u.dll
0x00007ffb14780000 - 0x00007ffb14829000 	C:\WINDOWS\System32\msvcrt.dll
0x00007ffb15700000 - 0x00007ffb1572b000 	C:\WINDOWS\System32\GDI32.dll
0x00007ffb12fb0000 - 0x00007ffb130da000 	C:\WINDOWS\System32\gdi32full.dll
0x00007ffb12aa0000 - 0x00007ffb12b43000 	C:\WINDOWS\System32\msvcp_win.dll
0x00007ffb135c0000 - 0x00007ffb135f2000 	C:\WINDOWS\System32\IMM32.DLL
0x00007ffb06d60000 - 0x00007ffb06d6c000 	D:\Software\Rider\JetBrains Rider 2025.3.1\jbr\bin\vcruntime140_1.dll
0x00007ffaafb90000 - 0x00007ffaafc19000 	D:\Software\Rider\JetBrains Rider 2025.3.1\jbr\bin\msvcp140.dll
0x00007ffa2ec70000 - 0x00007ffa2fbc2000 	D:\Software\Rider\JetBrains Rider 2025.3.1\jbr\bin\server\jvm.dll
0x00007ffb145a0000 - 0x00007ffb14657000 	C:\WINDOWS\System32\ADVAPI32.dll
0x00007ffb13de0000 - 0x00007ffb13e8a000 	C:\WINDOWS\System32\sechost.dll
0x00007ffb14660000 - 0x00007ffb14778000 	C:\WINDOWS\System32\RPCRT4.dll
0x00007ffb15730000 - 0x00007ffb157b0000 	C:\WINDOWS\System32\WS2_32.dll
0x00007ffb122e0000 - 0x00007ffb1233e000 	C:\WINDOWS\SYSTEM32\POWRPROF.dll
0x00007ffb0e430000 - 0x00007ffb0e43b000 	C:\WINDOWS\SYSTEM32\VERSION.dll
0x00007ffb05a70000 - 0x00007ffb05aa6000 	C:\WINDOWS\SYSTEM32\WINMM.dll
0x00007ffb11fa0000 - 0x00007ffb11fb4000 	C:\WINDOWS\SYSTEM32\UMPDC.dll
0x00007ffb10d90000 - 0x00007ffb10dab000 	C:\WINDOWS\SYSTEM32\kernel.appcore.dll
0x00007ffb05140000 - 0x00007ffb0514a000 	D:\Software\Rider\JetBrains Rider 2025.3.1\jbr\bin\jimage.dll
0x00007ffb12350000 - 0x00007ffb12592000 	C:\WINDOWS\SYSTEM32\DBGHELP.DLL
0x00007ffb14bd0000 - 0x00007ffb14f53000 	C:\WINDOWS\System32\combase.dll
0x00007ffb14830000 - 0x00007ffb14909000 	C:\WINDOWS\System32\OLEAUT32.dll
0x00007ffb121d0000 - 0x00007ffb1220b000 	C:\WINDOWS\SYSTEM32\dbgcore.DLL
0x00007ffb12ef0000 - 0x00007ffb12f9c000 	C:\WINDOWS\System32\bcryptPrimitives.dll
0x00007ffb00fa0000 - 0x00007ffb00fbf000 	D:\Software\Rider\JetBrains Rider 2025.3.1\jbr\bin\java.dll
0x00007ffb143e0000 - 0x00007ffb14579000 	C:\WINDOWS\System32\ole32.dll
0x00007ffb14f60000 - 0x00007ffb156f2000 	C:\WINDOWS\System32\SHELL32.dll

JVMTI agents: none

dbghelp: loaded successfully - version: 4.0.5 - missing functions: none
symbol engine: initialized successfully - sym options: 0x614 - pdb path: .;D:\Software\Rider\JetBrains Rider 2025.3.1\jbr\bin;C:\WINDOWS\SYSTEM32;C:\WINDOWS\WinSxS\amd64_microsoft.windows.common-controls_6595b64144ccf1df_6.0.26100.8875_none_3e0d5d42e32fe9dd;D:\Software\Rider\JetBrains Rider 2025.3.1\jbr\bin\server

VM Arguments:
java_command: externalApp.nativessh.NativeSshAskPassApp The authenticity of host 'github.com (20.205.243.166)' can't be established.
ED25519 key fingerprint is SHA256:+DiY3wvvV6TuJJhbpZisF/zLDA0zPMSvHdkr4UvCOqU.
This key is not known by any other names.
Are you sure you want to continue connecting (yes/no/[fingerprint])? 
java_class_path (initial): D:/Software/Rider/JetBrains Rider 2025.3.1/lib/externalProcess-rt.jar
Launcher Type: SUN_STANDARD

[Global flags]
     intx CICompilerCount                          = 4                                         {product} {ergonomic}
     uint ConcGCThreads                            = 3                                         {product} {ergonomic}
     uint G1ConcRefinementThreads                  = 10                                        {product} {ergonomic}
   size_t G1HeapRegionSize                         = 2097152                                   {product} {ergonomic}
   size_t InitialHeapSize                          = 264241152                                 {product} {ergonomic}
   size_t MarkStackSize                            = 4194304                                   {product} {ergonomic}
   size_t MarkStackSizeMax                         = 536870912                                 {product} {ergonomic}
   size_t MaxHeapSize                              = 4223664128                                {product} {ergonomic}
   size_t MinHeapDeltaBytes                        = 2097152                                   {product} {ergonomic}
   size_t MinHeapSize                              = 8388608                                   {product} {ergonomic}
    uintx NonNMethodCodeHeapSize                   = 5832704                                {pd product} {ergonomic}
    uintx NonProfiledCodeHeapSize                  = 122945536                              {pd product} {ergonomic}
    uintx ProfiledCodeHeapSize                     = 122880000                              {pd product} {ergonomic}
    uintx ReservedCodeCacheSize                    = 251658240                              {pd product} {ergonomic}
     bool SegmentedCodeCache                       = true                                      {product} {ergonomic}
   size_t SoftMaxHeapSize                          = 4223664128                             {manageable} {ergonomic}
     bool UseCompressedOops                        = true                           {product lp64_product} {ergonomic}
     bool UseG1GC                                  = true                                      {product} {ergonomic}
     bool UseLargePagesIndividualAllocation        = false                                  {pd product} {ergonomic}

Logging:
Log output configuration:
 #0: stdout all=warning uptime,level,tags foldmultilines=false
 #1: stderr all=off uptime,level,tags foldmultilines=false

Release file:
<release file has not been read>
Environment Variables:
JAVA_HOME=C:\Program Files\Java\jdk1.8.0_191
CLASSPATH=.;C:\Program Files\Java\jdk1.8.0_191bin;C:\Program Files\Java\jdk1.8.0_191\lib\dt.jar;C:\Program Files\Java\jdk1.8.0_191\lib\tools.jar
PATH=D:\Software\Git\mingw64\libexec\git-core;D:\Software\Git\mingw64\bin;D:\Software\Git\usr\bin;C:\Users\«Òº“»Ÿ\bin;C:\Program Files (x86)\Common Files\Oracle\Java\javapath;C:\Program Files\PlasticSCM5\server;C:\Program Files\PlasticSCM5\client;C:\Windows\system32;C:\Windows;C:\Windows\System32\Wbem;C:\Windows\System32\WindowsPowerShell\v1.0;C:\Windows\System32\OpenSSH;C:\Program Files (x86)\NVIDIA Corporation\PhysX\Common;C:\Program Files\NVIDIA Corporation\NVIDIA NvDLISR;C:\Program Files\dotnet;C:\WINDOWS\system32;C:\WINDOWS;C:\WINDOWS\System32\Wbem;C:\WINDOWS\System32\WindowsPowerShell\v1.0;C:\WINDOWS\System32\OpenSSH;C:\Program Files (x86)\Lua\5.1;C:\Program Files (x86)\Lua\5.1\clibs;C:\Program Files\Java\jdk1.8.0_191bin;D:\Software\Git\cmd;C:\Program Files (x86)\Windows Kits\10\Windows Performance Toolkit;C:\Program Files\nodejs;C:\Users\«Òº“»Ÿ\AppData\Local\Programs\Python\Launcher;C:\Users\«Òº“»Ÿ\AppData\Local\Microsoft\WindowsApps;C:\Users\«Òº“»Ÿ\AppData\Local\Programs\Microsoft VS Code\bin;C:\Users\«Òº“»Ÿ\AppData\Local\GitHubDesktop\bin;E:\IntelliJ IDEA Community Edition 2022.2.2\bin;D:\Software\Git\usr\bin;C:\Users\«Òº“»Ÿ\.dotnet\tools;C:\Users\«Òº“»Ÿ\AppData\Roaming\npm
USERNAME=«Òº“»Ÿ
DISPLAY=:0.0
LC_ALL=en_US.UTF-8
TERM=xterm-256color
TMPDIR=C:\Users\«Òº“»Ÿ\AppData\Local\Temp
OS=Windows_NT
PROCESSOR_IDENTIFIER=Intel64 Family 6 Model 141 Stepping 1, GenuineIntel
TMP=C:\Users\«Òº“»Ÿ\AppData\Local\Temp
TEMP=C:\Users\«Òº“»Ÿ\AppData\Local\Temp




Compilation memory statistics disabled.

Periodic native trim disabled

JNI global refs:
JNI global refs: 0, weak refs: 0

JNI global refs memory usage: 0, weak refs: 0

Process memory usage:
Resident Set Size: 14828K (0% of 16497444K total physical memory with 2858104K free physical memory)

OOME stack traces (most recent first):
Classloader memory used:

---------------  S Y S T E M  ---------------

OS:
 Windows 11 , 64 bit Build 26100 (10.0.26100.8875)
OS uptime: 7 days 5:46 hours

CPU: total 12 (initial active 12) (6 cores per cpu, 2 threads per core) family 6 model 141 stepping 1 microcode 0x58, cx8, cmov, fxsr, ht, mmx, 3dnowpref, sse, sse2, sse3, ssse3, sse4.1, sse4.2, popcnt, lzcnt, tsc, tscinvbit, avx, avx2, aes, erms, clmul, bmi1, bmi2, adx, avx512f, avx512dq, avx512cd, avx512bw, avx512vl, sha, fma, vzeroupper, avx512_vpopcntdq, avx512_vpclmulqdq, avx512_vaes, avx512_vnni, clflush, clflushopt, clwb, avx512_vbmi2, avx512_vbmi, rdtscp, rdpid, fsrm, gfni, avx512_bitalg, f16c, pku, cet_ibt, cet_ss, avx512_ifma
Processor Information for the first 12 processors :
  Max Mhz: 2611, Current Mhz: 2611, Mhz Limit: 2611

Memory: 4k page, system-wide physical 16110M (2791M free)
TotalPageFile size 65262M (AvailPageFile size 124M)
current process WorkingSet (physical memory assigned to process): 14M, peak: 14M
current process commit charge ("private bytes"): 65M, peak: 317M

vm_info: OpenJDK 64-Bit Server VM (25.0.2+1-b329.72) for windows-amd64 JRE (25.0.2+1-b329.72), built on 2026-03-02 with MS VC++ 17.14 (VS2022)

END.
